2025-05-01 14:12:54,980 [DEBUG] Starting new HTTP connection (1): localhost:18800
2025-05-01 14:12:57,967 [DEBUG] http://localhost:18800 "POST /api-token-auth/ HTTP/1.1" 200 52
2025-05-01 14:12:57,968 [DEBUG] Starting new HTTP connection (1): localhost:18800
2025-05-01 14:13:00,026 [DEBUG] http://localhost:18800 "GET /api/admin/services/ HTTP/1.1" 200 103
2025-05-01 14:13:00,064 [DEBUG] http://localhost:18800 "GET /api/admin/visits/ HTTP/1.1" 200 145
2025-05-01 14:13:00,071 [DEBUG] http://localhost:18800 "GET /api/admin/doctors/ HTTP/1.1" 200 176
2025-05-01 14:13:00,077 [DEBUG] http://localhost:18800 "GET /api/admin/services/ HTTP/1.1" 200 103
2025-05-01 14:13:00,082 [DEBUG] http://localhost:18800 "GET /api/admin/services/ HTTP/1.1" 200 103
2025-05-01 14:13:25,531 [DEBUG] http://localhost:18800 "POST /api/admin/services/ HTTP/1.1" 201 83
2025-05-01 14:13:25,537 [DEBUG] http://localhost:18800 "GET /api/admin/services/ HTTP/1.1" 200 187
2025-05-01 14:13:28,682 [DEBUG] http://localhost:18800 "GET /api/admin/doctors/ HTTP/1.1" 200 176
2025-05-01 14:13:29,200 [DEBUG] http://localhost:18800 "GET /api/admin/doctors/ HTTP/1.1" 200 176
2025-05-01 14:13:30,690 [DEBUG] http://localhost:18800 "GET /api/admin/doctors/ HTTP/1.1" 200 176
2025-05-01 14:14:26,322 [DEBUG] http://localhost:18800 "DELETE /api/admin/services/None/ HTTP/1.1" 404 23
2025-05-01 14:14:35,238 [DEBUG] http://localhost:18800 "PUT /api/admin/services/None/ HTTP/1.1" 404 23
2025-05-01 14:16:58,786 [DEBUG] http://localhost:18800 "GET /api/admin/doctors/ HTTP/1.1" 200 176
2025-05-01 14:17:08,108 [DEBUG] Starting new HTTP connection (1): localhost:18800
2025-05-01 14:17:10,992 [DEBUG] http://localhost:18800 "POST /api-token-auth/ HTTP/1.1" 200 52
2025-05-01 14:17:10,994 [DEBUG] Starting new HTTP connection (1): localhost:18800
2025-05-01 14:17:13,037 [DEBUG] http://localhost:18800 "GET /api/admin/services/ HTTP/1.1" 200 187
2025-05-01 14:17:13,060 [DEBUG] http://localhost:18800 "GET /api/admin/visits/ HTTP/1.1" 200 145
2025-05-01 14:17:13,065 [DEBUG] http://localhost:18800 "GET /api/admin/doctors/ HTTP/1.1" 200 176
2025-05-01 14:17:13,074 [DEBUG] http://localhost:18800 "GET /api/admin/services/ HTTP/1.1" 200 187
2025-05-01 14:17:13,079 [DEBUG] http://localhost:18800 "GET /api/admin/services/ HTTP/1.1" 200 187
2025-05-01 14:17:31,869 [DEBUG] http://localhost:18800 "POST /api/admin/doctors/ HTTP/1.1" 400 56
2025-05-01 14:17:53,511 [DEBUG] http://localhost:18800 "POST /api/admin/doctors/ HTTP/1.1" 400 56
2025-05-01 14:18:52,513 [DEBUG] Resetting dropped connection: localhost
2025-05-01 14:18:54,627 [DEBUG] http://localhost:18800 "POST /api/admin/doctors/ HTTP/1.1" 400 56
2025-05-01 14:21:19,436 [DEBUG] Starting new HTTP connection (1): localhost:18800
2025-05-01 14:21:22,357 [DEBUG] http://localhost:18800 "POST /api-token-auth/ HTTP/1.1" 200 52
2025-05-01 14:21:22,358 [DEBUG] Starting new HTTP connection (1): localhost:18800
2025-05-01 14:21:24,396 [DEBUG] http://localhost:18800 "GET /api/admin/services/ HTTP/1.1" 200 187
2025-05-01 14:21:24,433 [DEBUG] http://localhost:18800 "GET /api/admin/visits/ HTTP/1.1" 200 145
2025-05-01 14:21:24,438 [DEBUG] http://localhost:18800 "GET /api/admin/doctors/ HTTP/1.1" 200 176
2025-05-01 14:21:24,444 [DEBUG] http://localhost:18800 "GET /api/admin/services/ HTTP/1.1" 200 187
2025-05-01 14:21:24,449 [DEBUG] http://localhost:18800 "GET /api/admin/services/ HTTP/1.1" 200 187
2025-05-01 14:21:39,512 [DEBUG] http://localhost:18800 "POST /api/admin/doctors/ HTTP/1.1" 400 56
2025-05-01 14:23:32,155 [DEBUG] Starting new HTTP connection (1): localhost:18800
2025-05-01 14:23:35,012 [DEBUG] http://localhost:18800 "POST /api-token-auth/ HTTP/1.1" 200 52
2025-05-01 14:23:35,013 [DEBUG] Starting new HTTP connection (1): localhost:18800
2025-05-01 14:23:37,068 [DEBUG] http://localhost:18800 "GET /api/admin/services/ HTTP/1.1" 200 187
2025-05-01 14:23:37,100 [DEBUG] http://localhost:18800 "GET /api/admin/visits/ HTTP/1.1" 200 145
2025-05-01 14:23:37,107 [DEBUG] http://localhost:18800 "GET /api/admin/doctors/ HTTP/1.1" 200 176
2025-05-01 14:23:37,114 [DEBUG] http://localhost:18800 "GET /api/admin/services/ HTTP/1.1" 200 187
2025-05-01 14:23:37,120 [DEBUG] http://localhost:18800 "GET /api/admin/services/ HTTP/1.1" 200 187
2025-05-01 14:31:51,660 [DEBUG] Starting new HTTP connection (1): localhost:18800
2025-05-01 14:31:54,535 [DEBUG] http://localhost:18800 "POST /api-token-auth/ HTTP/1.1" 200 52
2025-05-01 14:31:54,535 [DEBUG] Starting new HTTP connection (1): localhost:18800
2025-05-01 14:31:56,567 [DEBUG] http://localhost:18800 "GET /api/admin/services/ HTTP/1.1" 200 187
2025-05-01 14:31:56,594 [DEBUG] http://localhost:18800 "GET /api/admin/visits/ HTTP/1.1" 200 145
2025-05-01 14:31:56,601 [DEBUG] http://localhost:18800 "GET /api/admin/doctors/ HTTP/1.1" 200 367
2025-05-01 14:31:56,608 [DEBUG] http://localhost:18800 "GET /api/admin/services/ HTTP/1.1" 200 187
2025-05-01 14:31:56,613 [DEBUG] http://localhost:18800 "GET /api/admin/services/ HTTP/1.1" 200 187
2025-05-01 14:32:48,876 [DEBUG] Starting new HTTP connection (1): localhost:18800
2025-05-01 14:32:51,721 [DEBUG] http://localhost:18800 "POST /api-token-auth/ HTTP/1.1" 200 52
2025-05-01 14:32:51,721 [DEBUG] Starting new HTTP connection (1): localhost:18800
2025-05-01 14:32:53,789 [DEBUG] http://localhost:18800 "GET /api/admin/services/ HTTP/1.1" 200 187
2025-05-01 14:32:53,822 [DEBUG] http://localhost:18800 "GET /api/admin/visits/ HTTP/1.1" 200 145
2025-05-01 14:32:53,829 [DEBUG] http://localhost:18800 "GET /api/admin/doctors/ HTTP/1.1" 200 367
2025-05-01 14:32:53,840 [DEBUG] http://localhost:18800 "GET /api/admin/services/ HTTP/1.1" 200 187
2025-05-01 14:32:53,846 [DEBUG] http://localhost:18800 "GET /api/admin/services/ HTTP/1.1" 200 187
2025-05-01 14:33:18,797 [DEBUG] Starting new HTTP connection (1): localhost:18800
2025-05-01 14:33:21,699 [DEBUG] http://localhost:18800 "POST /api-token-auth/ HTTP/1.1" 200 52
2025-05-01 14:33:21,700 [DEBUG] Starting new HTTP connection (1): localhost:18800
2025-05-01 14:33:23,741 [DEBUG] http://localhost:18800 "GET /api/admin/services/ HTTP/1.1" 200 187
2025-05-01 14:33:23,771 [DEBUG] http://localhost:18800 "GET /api/admin/visits/ HTTP/1.1" 200 145
2025-05-01 14:33:23,777 [DEBUG] http://localhost:18800 "GET /api/admin/doctors/ HTTP/1.1" 200 367
2025-05-01 14:33:23,783 [DEBUG] http://localhost:18800 "GET /api/admin/services/ HTTP/1.1" 200 187
2025-05-01 14:33:23,791 [DEBUG] http://localhost:18800 "GET /api/admin/services/ HTTP/1.1" 200 187
2025-05-01 14:33:46,085 [DEBUG] Starting new HTTP connection (1): localhost:18800
2025-05-01 14:33:48,966 [DEBUG] http://localhost:18800 "POST /api-token-auth/ HTTP/1.1" 200 52
2025-05-01 14:33:48,968 [DEBUG] Starting new HTTP connection (1): localhost:18800
2025-05-01 14:33:51,020 [DEBUG] http://localhost:18800 "GET /api/admin/services/ HTTP/1.1" 200 187
2025-05-01 14:33:51,052 [DEBUG] http://localhost:18800 "GET /api/admin/visits/ HTTP/1.1" 200 145
2025-05-01 14:33:51,060 [DEBUG] http://localhost:18800 "GET /api/admin/doctors/ HTTP/1.1" 200 367
2025-05-01 14:33:51,068 [DEBUG] http://localhost:18800 "GET /api/admin/services/ HTTP/1.1" 200 187
2025-05-01 14:33:51,073 [DEBUG] http://localhost:18800 "GET /api/admin/services/ HTTP/1.1" 200 187
2025-05-01 14:35:14,557 [DEBUG] Starting new HTTP connection (1): localhost:18800
2025-05-01 14:35:17,465 [DEBUG] http://localhost:18800 "POST /api-token-auth/ HTTP/1.1" 200 52
2025-05-01 14:35:17,466 [DEBUG] Starting new HTTP connection (1): localhost:18800
2025-05-01 14:35:19,516 [DEBUG] http://localhost:18800 "GET /api/admin/services/ HTTP/1.1" 200 187
2025-05-01 14:35:19,555 [DEBUG] http://localhost:18800 "GET /api/admin/visits/ HTTP/1.1" 200 145
2025-05-01 14:35:19,563 [DEBUG] http://localhost:18800 "GET /api/admin/doctors/ HTTP/1.1" 200 367
2025-05-01 14:35:19,570 [DEBUG] http://localhost:18800 "GET /api/admin/services/ HTTP/1.1" 200 187
2025-05-01 14:35:19,577 [DEBUG] http://localhost:18800 "GET /api/admin/services/ HTTP/1.1" 200 187
2025-05-01 14:35:31,302 [DEBUG] http://localhost:18800 "POST /api/admin/doctors/ HTTP/1.1" 400 56
2025-05-01 14:36:32,050 [DEBUG] http://localhost:18800 "DELETE /api/admin/doctors/2/ HTTP/1.1" 204 0
2025-05-01 14:36:32,055 [DEBUG] http://localhost:18800 "GET /api/admin/doctors/ HTTP/1.1" 200 176
2025-05-01 14:38:19,907 [DEBUG] Starting new HTTP connection (1): localhost:18800
2025-05-01 14:38:22,771 [DEBUG] http://localhost:18800 "POST /api-token-auth/ HTTP/1.1" 200 52
2025-05-01 14:38:22,772 [DEBUG] Starting new HTTP connection (1): localhost:18800
2025-05-01 14:38:24,823 [DEBUG] http://localhost:18800 "GET /api/admin/services/ HTTP/1.1" 200 187
2025-05-01 14:38:24,830 [DEBUG] http://localhost:18800 "GET /api/admin/visits/ HTTP/1.1" 200 145
2025-05-01 14:38:24,838 [DEBUG] http://localhost:18800 "GET /api/admin/doctors/ HTTP/1.1" 200 176
2025-05-01 14:38:24,845 [DEBUG] http://localhost:18800 "GET /api/admin/services/ HTTP/1.1" 200 187
2025-05-01 14:38:24,850 [DEBUG] http://localhost:18800 "GET /api/admin/services/ HTTP/1.1" 200 187
2025-05-01 14:38:41,211 [DEBUG] Starting new HTTP connection (1): localhost:18800
2025-05-01 14:38:44,176 [DEBUG] http://localhost:18800 "POST /api-token-auth/ HTTP/1.1" 200 52
2025-05-01 14:38:44,178 [DEBUG] Starting new HTTP connection (1): localhost:18800
2025-05-01 14:38:46,208 [DEBUG] http://localhost:18800 "GET /api/admin/services/ HTTP/1.1" 200 187
2025-05-01 14:38:46,236 [DEBUG] http://localhost:18800 "GET /api/admin/visits/ HTTP/1.1" 200 145
2025-05-01 14:38:46,243 [DEBUG] http://localhost:18800 "GET /api/admin/doctors/ HTTP/1.1" 200 176
2025-05-01 14:38:46,249 [DEBUG] http://localhost:18800 "GET /api/admin/services/ HTTP/1.1" 200 187
2025-05-01 14:38:46,255 [DEBUG] http://localhost:18800 "GET /api/admin/services/ HTTP/1.1" 200 187
2025-05-01 14:39:00,421 [DEBUG] http://localhost:18800 "POST /api/admin/doctors/ HTTP/1.1" 400 56
2025-05-01 14:45:03,804 [DEBUG] Starting new HTTP connection (1): localhost:18800
2025-05-01 14:45:06,726 [DEBUG] http://localhost:18800 "POST /api-token-auth/ HTTP/1.1" 200 52
2025-05-01 14:45:06,727 [DEBUG] Starting new HTTP connection (1): localhost:18800
2025-05-01 14:45:08,775 [DEBUG] http://localhost:18800 "GET /api/admin/services/ HTTP/1.1" 200 187
2025-05-01 14:45:08,805 [DEBUG] http://localhost:18800 "GET /api/admin/visits/ HTTP/1.1" 200 145
2025-05-01 14:45:08,813 [DEBUG] http://localhost:18800 "GET /api/admin/doctors/ HTTP/1.1" 200 176
2025-05-01 14:45:08,821 [DEBUG] http://localhost:18800 "GET /api/admin/services/ HTTP/1.1" 200 187
2025-05-01 14:45:08,827 [DEBUG] http://localhost:18800 "GET /api/admin/services/ HTTP/1.1" 200 187
2025-05-01 14:45:21,956 [DEBUG] http://localhost:18800 "POST /api/admin/doctors/ HTTP/1.1" 201 201
2025-05-01 14:45:21,960 [DEBUG] http://localhost:18800 "GET /api/admin/doctors/ HTTP/1.1" 200 378
2025-05-01 14:54:55,171 [DEBUG] Starting new HTTP connection (1): localhost:18800
2025-05-01 14:54:58,117 [DEBUG] http://localhost:18800 "POST /api-token-auth/ HTTP/1.1" 200 52
2025-05-01 14:54:58,119 [DEBUG] Starting new HTTP connection (1): localhost:18800
2025-05-01 14:55:00,167 [DEBUG] http://localhost:18800 "GET /api/admin/services/ HTTP/1.1" 200 187
2025-05-01 14:55:00,191 [DEBUG] http://localhost:18800 "GET /api/admin/visits/ HTTP/1.1" 200 145
2025-05-01 14:55:00,196 [DEBUG] http://localhost:18800 "GET /api/admin/doctors/ HTTP/1.1" 200 378
2025-05-01 14:55:00,202 [DEBUG] http://localhost:18800 "GET /api/admin/services/ HTTP/1.1" 200 187
2025-05-01 14:55:00,207 [DEBUG] http://localhost:18800 "GET /api/admin/services/ HTTP/1.1" 200 187
2025-05-01 14:55:57,195 [DEBUG] Starting new HTTP connection (1): localhost:18800
2025-05-01 14:56:00,060 [DEBUG] http://localhost:18800 "POST /api-token-auth/ HTTP/1.1" 200 52
2025-05-01 14:56:00,062 [DEBUG] Starting new HTTP connection (1): localhost:18800
2025-05-01 14:56:02,097 [DEBUG] http://localhost:18800 "GET /api/admin/services/ HTTP/1.1" 200 187
2025-05-01 14:56:02,121 [DEBUG] http://localhost:18800 "GET /api/admin/visits/ HTTP/1.1" 200 145
2025-05-01 14:56:02,127 [DEBUG] http://localhost:18800 "GET /api/admin/doctors/ HTTP/1.1" 200 378
2025-05-01 14:56:02,132 [DEBUG] http://localhost:18800 "GET /api/admin/services/ HTTP/1.1" 200 187
2025-05-01 14:56:02,138 [DEBUG] http://localhost:18800 "GET /api/admin/services/ HTTP/1.1" 200 187
2025-05-01 14:56:04,918 [DEBUG] http://localhost:18800 "DELETE /api/admin/services/None/ HTTP/1.1" 404 23
2025-05-01 14:56:10,104 [DEBUG] http://localhost:18800 "DELETE /api/admin/services/None/ HTTP/1.1" 404 23
2025-05-01 14:56:14,855 [DEBUG] http://localhost:18800 "DELETE /api/admin/services/None/ HTTP/1.1" 404 23
2025-05-01 14:59:32,402 [INFO] ApiClient: Попытка удаления услуги ID: None
2025-05-01 14:59:32,407 [ERROR] ApiClient: API Error: 404 Client Error: Not Found for url: http://localhost:18800/api/admin/services/None/
2025-05-01 14:59:32,407 [ERROR] ApiClient: Неизвестная ошибка: API Request Failed: 404 Client Error: Not Found for url: http://localhost:18800/api/admin/services/None/
2025-05-01 15:09:32,061 [INFO] ApiClient: Удаление услуги ID: 2
2025-05-01 15:37:34,514 [ERROR] ApiClient: Ошибка получения имени пациента: 'bytes' object has no attribute 'get'
2025-05-01 15:39:38,483 [ERROR] ApiClient: Ошибка получения имени пациента: 'bytes' object has no attribute 'get'
2025-05-01 16:00:48,363 [ERROR] ApiClient: API Error: 404 Client Error: Not Found for url: http://localhost:18800/api/admin/users/1/
2025-05-01 16:00:48,363 [ERROR] ApiClient: Ошибка: 404 Client Error: Not Found for url: http://localhost:18800/api/admin/users/1/
2025-05-01 16:16:13,287 [ERROR] ApiClient: Ошибка получения имени врача: 'ApiClient' object has no attribute 'get_doctors'
